// Jest Snapshot v1, https://goo.gl/fbAQLP

exports[`matches snapshot as expected 1`] = `null`;
