// Jest Snapshot v1, https://goo.gl/fbAQLP

exports[`should render given schema correctly 1`] = `
Array [
  <div
    className="first-table position-relative"
  >
    <h3
      className="m-0"
    >
      Documents
       Â 
      <a
        className=""
        onClick={[Function]}
      >
        <svg
          aria-hidden="true"
          className="svg-inline--fa fa-arrows-rotate fa-lg "
          data-icon="arrows-rotate"
          data-prefix="fas"
          focusable="false"
          role="img"
          style={Object {}}
          viewBox="0 0 512 512"
          xmlns="http://www.w3.org/2000/svg"
        >
          <path
            d="M105.1 202.6c7.7-21.8 20.2-42.3 37.8-59.8c62.5-62.5 163.8-62.5 226.3 0L386.3 160H336c-17.7 0-32 14.3-32 32s14.3 32 32 32H463.5c0 0 0 0 0 0h.4c17.7 0 32-14.3 32-32V64c0-17.7-14.3-32-32-32s-32 14.3-32 32v51.2L414.4 97.6c-87.5-87.5-229.3-87.5-316.8 0C73.2 122 55.6 150.7 44.8 181.4c-5.9 16.7 2.9 34.9 19.5 40.8s34.9-2.9 40.8-19.5zM39 289.3c-5 1.5-9.8 4.2-13.7 8.2c-4 4-6.7 8.8-8.1 14c-.3 1.2-.6 2.5-.8 3.8c-.3 1.7-.4 3.4-.4 5.1V448c0 17.7 14.3 32 32 32s32-14.3 32-32V396.9l17.6 17.5 0 0c87.5 87.4 229.3 87.4 316.7 0c24.4-24.4 42.1-53.1 52.9-83.7c5.9-16.7-2.9-34.9-19.5-40.8s-34.9 2.9-40.8 19.5c-7.7 21.8-20.2 42.3-37.8 59.8c-62.5 62.5-163.8 62.5-226.3 0l-.1-.1L125.6 352H176c17.7 0 32-14.3 32-32s-14.3-32-32-32H48.4c-1.6 0-3.2 .1-4.8 .3s-3.1 .5-4.6 1z"
            fill="currentColor"
            style={Object {}}
          />
        </svg>
      </a>
    </h3>
    <div
      className="summaryEdit"
    >
      <a
        className="edit-2"
        onClick={[Function]}
      >
        <svg
          aria-hidden="true"
          className="svg-inline--fa fa-upload fa-lg "
          data-icon="upload"
          data-prefix="fas"
          focusable="false"
          role="img"
          style={Object {}}
          viewBox="0 0 512 512"
          xmlns="http://www.w3.org/2000/svg"
        >
          <path
            d="M288 109.3V352c0 17.7-14.3 32-32 32s-32-14.3-32-32V109.3l-73.4 73.4c-12.5 12.5-32.8 12.5-45.3 0s-12.5-32.8 0-45.3l128-128c12.5-12.5 32.8-12.5 45.3 0l128 128c12.5 12.5 12.5 32.8 0 45.3s-32.8 12.5-45.3 0L288 109.3zM64 352H192c0 35.3 28.7 64 64 64s64-28.7 64-64H448c35.3 0 64 28.7 64 64v32c0 35.3-28.7 64-64 64H64c-35.3 0-64-28.7-64-64V416c0-35.3 28.7-64 64-64zM432 456a24 24 0 1 0 0-48 24 24 0 1 0 0 48z"
            fill="currentColor"
            style={Object {}}
          />
        </svg>
        Upload Document
      </a>
    </div>
    <div
      className="w-100"
    >
      <div
        className="singleBox customDataTable"
      >
        <div
          className="react-bootstrap-table"
        >
          <table
            className="table"
          >
            <thead>
              <tr>
                <th
                  style={
                    Object {
                      "width": "17%",
                    }
                  }
                  tabIndex={0}
                >
                  TRANSACTION TYPE	
                </th>
                <th
                  style={
                    Object {
                      "textAlign": "center",
                      "width": "17%",
                    }
                  }
                  tabIndex={0}
                >
                  User
                </th>
                <th
                  style={
                    Object {
                      "textAlign": "center",
                      "width": "25%",
                    }
                  }
                  tabIndex={0}
                >
                  DOCUMENT TYPE
                </th>
                <th
                  className="expand-cell-header"
                  data-row-selection={true}
                  onClick={[Function]}
                >
                  (+)
                </th>
              </tr>
            </thead>
            <tbody>
              <tr>
                <td
                  className="react-bs-table-no-data"
                  colSpan={4}
                  data-toggle="collapse"
                >
                  No Results Found !!!
                </td>
              </tr>
            </tbody>
          </table>
        </div>
      </div>
    </div>
  </div>,
  <a
    alt="filedownload"
    id="filedownload"
  />,
]
`;
