// Jest Snapshot v1, https://goo.gl/fbAQLP

exports[`PageHead renders correctly 1`] = `
<a>
  <title>
    Test Title
  </title>
  <meta
    content="Test Description"
    name="description"
  />
  <meta
    content="minimum-scale=1, initial-scale=1, width=device-width"
    name="viewport"
  />
  <meta
    content="no-cache"
    http-equiv="cache-control"
  />
  <meta
    content="0"
    http-equiv="expires"
  />
  <meta
    content="no-cache"
    http-equiv="pragma"
  />
  <link
    href="favicon.ico"
    rel="icon"
  />
</a>
`;
