// Jest Snapshot v1, https://goo.gl/fbAQLP

exports[`NoLayout renders correctly 1`] = `
<div>
  Test Content
</div>
`;
