// Jest Snapshot v1, https://goo.gl/fbAQLP

exports[`AdjustPremium renders correctly 1`] = `
<a
  className="btnStyle btnPrim display-block mb-10"
  id="btnAdjustPremium"
  onClick={[Function]}
  style={
    Object {
      "textDecoration": "none",
    }
  }
>
  Adjust Premium
</a>
`;
