// Jest Snapshot v1, https://goo.gl/fbAQLP

exports[`should render given schema correctly 1`] = `
Array [
  <div
    className="first-table position-relative"
  >
    <h3
      className="m-0"
    >
      Documents
       Â 
    </h3>
    <div
      className="summaryEdit"
    >
      <a
        className="edit-2"
        onClick={[Function]}
      >
        <svg
          aria-hidden="true"
          className="svg-inline--fa fa-upload fa-lg "
          data-icon="upload"
          data-prefix="fas"
          focusable="false"
          role="img"
          style={Object {}}
          viewBox="0 0 512 512"
          xmlns="http://www.w3.org/2000/svg"
        >
          <path
            d="M288 109.3V352c0 17.7-14.3 32-32 32s-32-14.3-32-32V109.3l-73.4 73.4c-12.5 12.5-32.8 12.5-45.3 0s-12.5-32.8 0-45.3l128-128c12.5-12.5 32.8-12.5 45.3 0l128 128c12.5 12.5 12.5 32.8 0 45.3s-32.8 12.5-45.3 0L288 109.3zM64 352H192c0 35.3 28.7 64 64 64s64-28.7 64-64H448c35.3 0 64 28.7 64 64v32c0 35.3-28.7 64-64 64H64c-35.3 0-64-28.7-64-64V416c0-35.3 28.7-64 64-64zM432 456a24 24 0 1 0 0-48 24 24 0 1 0 0 48z"
            fill="currentColor"
            style={Object {}}
          />
        </svg>
        Upload Document
      </a>
    </div>
    <div
      className="w-100"
    >
      <div
        className="singleBox customDataTable"
      >
        <div
          className="react-bootstrap-table"
        >
          <table
            className="table"
          >
            <thead>
              <tr>
                <th
                  style={
                    Object {
                      "textAlign": "center",
                      "width": "20%",
                    }
                  }
                  tabIndex={0}
                >
                  Status
                </th>
                <th
                  style={
                    Object {
                      "textAlign": "center",
                      "width": "20%",
                    }
                  }
                  tabIndex={0}
                >
                  DOCUMENT TYPE
                </th>
                <th
                  style={
                    Object {
                      "textAlign": "center",
                      "width": "25%",
                    }
                  }
                  tabIndex={0}
                >
                  Uploaded / Created Date
                </th>
                <th
                  className="expand-cell-header"
                  data-row-selection={true}
                  onClick={[Function]}
                >
                  (+)
                </th>
              </tr>
            </thead>
            <tbody>
              <tr
                className=""
                onClick={[Function]}
                style={Object {}}
              >
                <td>
                  Manual Upload
                </td>
                <td>
                  Data Submission
                </td>
                <td>
                  June 15th, 2023 05:13:18 AM
                </td>
                <td
                  className="expand-cell"
                  onClick={[Function]}
                >
                  <svg
                    aria-hidden="true"
                    className="svg-inline--fa fa-angle-down fa-lg "
                    data-icon="angle-down"
                    data-prefix="fas"
                    focusable="false"
                    role="img"
                    style={Object {}}
                    viewBox="0 0 448 512"
                    xmlns="http://www.w3.org/2000/svg"
                  >
                    <path
                      d="M201.4 342.6c12.5 12.5 32.8 12.5 45.3 0l160-160c12.5-12.5 12.5-32.8 0-45.3s-32.8-12.5-45.3 0L224 274.7 86.6 137.4c-12.5-12.5-32.8-12.5-45.3 0s-12.5 32.8 0 45.3l160 160z"
                      fill="currentColor"
                      style={Object {}}
                    />
                  </svg>
                </td>
              </tr>
              <tr
                className=""
                onClick={[Function]}
                style={Object {}}
              >
                <td>
                  Application
                </td>
                <td>
                  Submission Data Document
                </td>
                <td>
                  June 15th, 2023 04:20:53 AM
                </td>
                <td
                  className="expand-cell"
                  onClick={[Function]}
                >
                  <svg
                    aria-hidden="true"
                    className="svg-inline--fa fa-angle-down fa-lg "
                    data-icon="angle-down"
                    data-prefix="fas"
                    focusable="false"
                    role="img"
                    style={Object {}}
                    viewBox="0 0 448 512"
                    xmlns="http://www.w3.org/2000/svg"
                  >
                    <path
                      d="M201.4 342.6c12.5 12.5 32.8 12.5 45.3 0l160-160c12.5-12.5 12.5-32.8 0-45.3s-32.8-12.5-45.3 0L224 274.7 86.6 137.4c-12.5-12.5-32.8-12.5-45.3 0s-12.5 32.8 0 45.3l160 160z"
                      fill="currentColor"
                      style={Object {}}
                    />
                  </svg>
                </td>
              </tr>
            </tbody>
          </table>
        </div>
      </div>
    </div>
  </div>,
  <a
    alt="filedownload"
    id="filedownload"
  />,
]
`;
