// Jest Snapshot v1, https://goo.gl/fbAQLP

exports[`MaskedInput renders correctly 1`] = `
<input
  onBlur={[Function]}
  onChange={[Function]}
  onFocus={[Function]}
  onKeyDown={[Function]}
  type="text"
  value=""
/>
`;
