// Jest Snapshot v1, https://goo.gl/fbAQLP

exports[`matches snapshot as expected 1`] = `
<a
  className="btnStyle btnPrim display-block mb-10"
  id="onPolicyHoldBtn"
  onClick={[Function]}
  style={
    Object {
      "textDecoration": "none",
    }
  }
/>
`;
